<html>
<body>
<pre>
<h1>µVision Build Log</h1>
<h2>Tool Versions:</h2>
IDE-Version: ¦ÌVision V5.15
Copyright (C) 2015 ARM Ltd and ARM Germany GmbH. All rights reserved.
License Information: bryant dai, etr, LIC=S5ISB-2BBHP-D3SM3-AD0NK-C8LH7-0AFRM
 
Tool Versions:
Toolchain:       MDK-ARM Professional  Version: 5.15.0
Toolchain Path:  D:\Program Files (x86)\ARM\ARMCC\Bin
C Compiler:      Armcc.exe V5.05 update 2 (build 169)
Assembler:       Armasm.exe V5.05 update 2 (build 169)
Linker/Locator:  ArmLink.exe V5.05 update 2 (build 169)
Library Manager: ArmAr.exe V5.05 update 2 (build 169)
Hex Converter:   FromElf.exe V5.05 update 2 (build 169)
CPU DLL:         SARMCM3.DLL V5.15.0
Dialog DLL:      DCM.DLL V1.13.2.0
Target DLL:      STLink\ST-LINKIII-KEIL_SWO.dll V2.0.15.0_KEIL
Dialog DLL:      TCM.DLL V1.14.5.0
 
<h2>Project:</h2>
E:\Bryant\stm32-assembly\stm32f746\stm32f7.uvprojx
Project File Date:  04/09/2016

<h2>Output:</h2>
*** Using Compiler 'V5.05 update 2 (build 169)', folder: 'D:\Program Files (x86)\ARM\ARMCC\Bin'
Rebuild target 'stm32f7_assembly'
assembling startup_stm32f746.s...
assembling stm32f746_hal.s...
assembling bsp_led.s...
assembling bsp_timer.s...
assembling main.s...
assembling system_stm32f746.s...
linking...
Program Size: Code=896 RO-data=456 RW-data=4 ZI-data=1028  
FromELF: creating hex file...
".\Objects\stm32f7.axf" - 0 Error(s), 0 Warning(s).

<h2>Collection of Component include folders:</h2>
  E:\Bryant\stm32-assembly\stm32f746\RTE
  D:\Program Files (x86)\ARM\PACK\Keil\STM32F7xx_DFP\2.3.0\Drivers\CMSIS\Device\ST\STM32F7xx\Include

<h2>Collection of Component Files used:</h2>
</pre>
</body>
</html>
