Component: ARM Compiler 5.05 update 2 (build 169) Tool: armlink [4d0f33]

==============================================================================

Section Cross References

    startup_stm32f746.o(RESET) refers to startup_stm32f746.o(STACK) for __initial_sp
    startup_stm32f746.o(RESET) refers to startup_stm32f746.o(.text) for Reset_Handler
    startup_stm32f746.o(RESET) refers to bsp_timer.o(TIEMR_PROC) for TIM3_IRQHandler
    startup_stm32f746.o(.text) refers to system_stm32f746.o(RCC_PRO) for SystemInit
    startup_stm32f746.o(.text) refers to main.o(MAIN) for MAIN_FUNCTION
    bsp_timer.o(TIEMR_PROC) refers to bsp_timer.o(PARAMETER) for g_timerCounter
    main.o(MAIN) refers to system_stm32f746.o(RCC_PRO) for HAL_Init
    main.o(MAIN) refers to bsp_led.o(LED_PROC) for bsp_LedInit
    main.o(MAIN) refers to bsp_timer.o(TIEMR_PROC) for bsp_TimerInit
    main.o(MAIN) refers to bsp_timer.o(PARAMETER) for g_timerFlag


==============================================================================

Removing Unused input sections from the image.

    Removing startup_stm32f746.o(HEAP), (512 bytes).

1 unused section(s) (total 512 bytes) removed from the image.

==============================================================================

Image Symbol Table

    Local Symbols

    Symbol Name                              Value     Ov Type        Size  Object(Section)

    bsp_led.s                                0x00000000   Number         0  bsp_led.o ABSOLUTE
    bsp_timer.s                              0x00000000   Number         0  bsp_timer.o ABSOLUTE
    main.s                                   0x00000000   Number         0  main.o ABSOLUTE
    startup_stm32f746.s                      0x00000000   Number         0  startup_stm32f746.o ABSOLUTE
    stm32f746_hal.s                          0x00000000   Number         0  stm32f746_hal.o ABSOLUTE
    system_stm32f746.s                       0x00000000   Number         0  system_stm32f746.o ABSOLUTE
    RESET                                    0x08000000   Section      456  startup_stm32f746.o(RESET)
    .text                                    0x080001c8   Section       36  startup_stm32f746.o(.text)
    $v0                                      0x080001c8   Number         0  startup_stm32f746.o(.text)
    LED_PROC                                 0x080001ec   Section      108  bsp_led.o(LED_PROC)
    $v0                                      0x080001ec   Number         0  bsp_led.o(LED_PROC)
    MAIN                                     0x08000258   Section       48  main.o(MAIN)
    $v0                                      0x08000258   Number         0  main.o(MAIN)
    RCC_PRO                                  0x08000288   Section      516  system_stm32f746.o(RCC_PRO)
    $v0                                      0x08000288   Number         0  system_stm32f746.o(RCC_PRO)
    TIEMR_PROC                               0x0800048c   Section      188  bsp_timer.o(TIEMR_PROC)
    $v0                                      0x0800048c   Number         0  bsp_timer.o(TIEMR_PROC)
    PARAMETER                                0x20000000   Section        2  bsp_timer.o(PARAMETER)
    g_timerCounter                           0x20000001   Data           1  bsp_timer.o(PARAMETER)
    STACK                                    0x20000008   Section     1024  startup_stm32f746.o(STACK)
    __initial_sp                             0x20000408   Data           0  startup_stm32f746.o(STACK)

    Global Symbols

    Symbol Name                              Value     Ov Type        Size  Object(Section)

    BuildAttributes$$THM_ISAv4$E$P$D$K$B$S$7EM$VFPi3$EXTD16$VFPS$VFMA$PE$PLD8$A:L22UL41UL21$X:L11$S22US41US21$IEEE1$IW$USESV6$~STKCKD$USESV7$~SHL$OSPACE$EBA8$MICROLIB$EABIv2 0x00000000   Number         0  anon$$obj.o ABSOLUTE
    __Vectors_Size                           0x000001c8   Number         0  startup_stm32f746.o ABSOLUTE
    __Vectors                                0x08000000   Data           4  startup_stm32f746.o(RESET)
    Reset_Handler                            0x080001c9   Thumb Code     8  startup_stm32f746.o(.text)
    __Vectors_End                            0x080001c8   Data           0  startup_stm32f746.o(RESET)
    NMI_Handler                              0x080001d1   Thumb Code     2  startup_stm32f746.o(.text)
    HardFault_Handler                        0x080001d3   Thumb Code     2  startup_stm32f746.o(.text)
    MemManage_Handler                        0x080001d5   Thumb Code     2  startup_stm32f746.o(.text)
    BusFault_Handler                         0x080001d7   Thumb Code     2  startup_stm32f746.o(.text)
    UsageFault_Handler                       0x080001d9   Thumb Code     2  startup_stm32f746.o(.text)
    SVC_Handler                              0x080001db   Thumb Code     2  startup_stm32f746.o(.text)
    DebugMon_Handler                         0x080001dd   Thumb Code     2  startup_stm32f746.o(.text)
    PendSV_Handler                           0x080001df   Thumb Code     2  startup_stm32f746.o(.text)
    SysTick_Handler                          0x080001e1   Thumb Code     2  startup_stm32f746.o(.text)
    ADC_IRQHandler                           0x080001e3   Thumb Code     0  startup_stm32f746.o(.text)
    CAN1_RX0_IRQHandler                      0x080001e3   Thumb Code     0  startup_stm32f746.o(.text)
    CAN1_RX1_IRQHandler                      0x080001e3   Thumb Code     0  startup_stm32f746.o(.text)
    CAN1_SCE_IRQHandler                      0x080001e3   Thumb Code     0  startup_stm32f746.o(.text)
    CAN1_TX_IRQHandler                       0x080001e3   Thumb Code     0  startup_stm32f746.o(.text)
    CAN2_RX0_IRQHandler                      0x080001e3   Thumb Code     0  startup_stm32f746.o(.text)
    CAN2_RX1_IRQHandler                      0x080001e3   Thumb Code     0  startup_stm32f746.o(.text)
    CAN2_SCE_IRQHandler                      0x080001e3   Thumb Code     0  startup_stm32f746.o(.text)
    CAN2_TX_IRQHandler                       0x080001e3   Thumb Code     0  startup_stm32f746.o(.text)
    CEC_IRQHandler                           0x080001e3   Thumb Code     0  startup_stm32f746.o(.text)
    DCMI_IRQHandler                          0x080001e3   Thumb Code     0  startup_stm32f746.o(.text)
    DMA1_Stream0_IRQHandler                  0x080001e3   Thumb Code     0  startup_stm32f746.o(.text)
    DMA1_Stream1_IRQHandler                  0x080001e3   Thumb Code     0  startup_stm32f746.o(.text)
    DMA1_Stream2_IRQHandler                  0x080001e3   Thumb Code     0  startup_stm32f746.o(.text)
    DMA1_Stream3_IRQHandler                  0x080001e3   Thumb Code     0  startup_stm32f746.o(.text)
    DMA1_Stream4_IRQHandler                  0x080001e3   Thumb Code     0  startup_stm32f746.o(.text)
    DMA1_Stream5_IRQHandler                  0x080001e3   Thumb Code     0  startup_stm32f746.o(.text)
    DMA1_Stream6_IRQHandler                  0x080001e3   Thumb Code     0  startup_stm32f746.o(.text)
    DMA1_Stream7_IRQHandler                  0x080001e3   Thumb Code     0  startup_stm32f746.o(.text)
    DMA2D_IRQHandler                         0x080001e3   Thumb Code     0  startup_stm32f746.o(.text)
    DMA2_Stream0_IRQHandler                  0x080001e3   Thumb Code     0  startup_stm32f746.o(.text)
    DMA2_Stream1_IRQHandler                  0x080001e3   Thumb Code     0  startup_stm32f746.o(.text)
    DMA2_Stream2_IRQHandler                  0x080001e3   Thumb Code     0  startup_stm32f746.o(.text)
    DMA2_Stream3_IRQHandler                  0x080001e3   Thumb Code     0  startup_stm32f746.o(.text)
    DMA2_Stream4_IRQHandler                  0x080001e3   Thumb Code     0  startup_stm32f746.o(.text)
    DMA2_Stream5_IRQHandler                  0x080001e3   Thumb Code     0  startup_stm32f746.o(.text)
    DMA2_Stream6_IRQHandler                  0x080001e3   Thumb Code     0  startup_stm32f746.o(.text)
    DMA2_Stream7_IRQHandler                  0x080001e3   Thumb Code     0  startup_stm32f746.o(.text)
    ETH_IRQHandler                           0x080001e3   Thumb Code     0  startup_stm32f746.o(.text)
    ETH_WKUP_IRQHandler                      0x080001e3   Thumb Code     0  startup_stm32f746.o(.text)
    EXTI0_IRQHandler                         0x080001e3   Thumb Code     0  startup_stm32f746.o(.text)
    EXTI15_10_IRQHandler                     0x080001e3   Thumb Code     0  startup_stm32f746.o(.text)
    EXTI1_IRQHandler                         0x080001e3   Thumb Code     0  startup_stm32f746.o(.text)
    EXTI2_IRQHandler                         0x080001e3   Thumb Code     0  startup_stm32f746.o(.text)
    EXTI3_IRQHandler                         0x080001e3   Thumb Code     0  startup_stm32f746.o(.text)
    EXTI4_IRQHandler                         0x080001e3   Thumb Code     0  startup_stm32f746.o(.text)
    EXTI9_5_IRQHandler                       0x080001e3   Thumb Code     0  startup_stm32f746.o(.text)
    FLASH_IRQHandler                         0x080001e3   Thumb Code     0  startup_stm32f746.o(.text)
    FMC_IRQHandler                           0x080001e3   Thumb Code     0  startup_stm32f746.o(.text)
    FPU_IRQHandler                           0x080001e3   Thumb Code     0  startup_stm32f746.o(.text)
    I2C1_ER_IRQHandler                       0x080001e3   Thumb Code     0  startup_stm32f746.o(.text)
    I2C1_EV_IRQHandler                       0x080001e3   Thumb Code     0  startup_stm32f746.o(.text)
    I2C2_ER_IRQHandler                       0x080001e3   Thumb Code     0  startup_stm32f746.o(.text)
    I2C2_EV_IRQHandler                       0x080001e3   Thumb Code     0  startup_stm32f746.o(.text)
    I2C3_ER_IRQHandler                       0x080001e3   Thumb Code     0  startup_stm32f746.o(.text)
    I2C3_EV_IRQHandler                       0x080001e3   Thumb Code     0  startup_stm32f746.o(.text)
    I2C4_ER_IRQHandler                       0x080001e3   Thumb Code     0  startup_stm32f746.o(.text)
    I2C4_EV_IRQHandler                       0x080001e3   Thumb Code     0  startup_stm32f746.o(.text)
    LPTIM1_IRQHandler                        0x080001e3   Thumb Code     0  startup_stm32f746.o(.text)
    LTDC_ER_IRQHandler                       0x080001e3   Thumb Code     0  startup_stm32f746.o(.text)
    LTDC_IRQHandler                          0x080001e3   Thumb Code     0  startup_stm32f746.o(.text)
    OTG_FS_IRQHandler                        0x080001e3   Thumb Code     0  startup_stm32f746.o(.text)
    OTG_FS_WKUP_IRQHandler                   0x080001e3   Thumb Code     0  startup_stm32f746.o(.text)
    OTG_HS_EP1_IN_IRQHandler                 0x080001e3   Thumb Code     0  startup_stm32f746.o(.text)
    OTG_HS_EP1_OUT_IRQHandler                0x080001e3   Thumb Code     0  startup_stm32f746.o(.text)
    OTG_HS_IRQHandler                        0x080001e3   Thumb Code     0  startup_stm32f746.o(.text)
    OTG_HS_WKUP_IRQHandler                   0x080001e3   Thumb Code     0  startup_stm32f746.o(.text)
    PVD_IRQHandler                           0x080001e3   Thumb Code     0  startup_stm32f746.o(.text)
    QUADSPI_IRQHandler                       0x080001e3   Thumb Code     0  startup_stm32f746.o(.text)
    RCC_IRQHandler                           0x080001e3   Thumb Code     0  startup_stm32f746.o(.text)
    RNG_IRQHandler                           0x080001e3   Thumb Code     0  startup_stm32f746.o(.text)
    RTC_Alarm_IRQHandler                     0x080001e3   Thumb Code     0  startup_stm32f746.o(.text)
    RTC_WKUP_IRQHandler                      0x080001e3   Thumb Code     0  startup_stm32f746.o(.text)
    SAI1_IRQHandler                          0x080001e3   Thumb Code     0  startup_stm32f746.o(.text)
    SAI2_IRQHandler                          0x080001e3   Thumb Code     0  startup_stm32f746.o(.text)
    SDMMC1_IRQHandler                        0x080001e3   Thumb Code     0  startup_stm32f746.o(.text)
    SPDIF_RX_IRQHandler                      0x080001e3   Thumb Code     0  startup_stm32f746.o(.text)
    SPI1_IRQHandler                          0x080001e3   Thumb Code     0  startup_stm32f746.o(.text)
    SPI2_IRQHandler                          0x080001e3   Thumb Code     0  startup_stm32f746.o(.text)
    SPI3_IRQHandler                          0x080001e3   Thumb Code     0  startup_stm32f746.o(.text)
    SPI4_IRQHandler                          0x080001e3   Thumb Code     0  startup_stm32f746.o(.text)
    SPI5_IRQHandler                          0x080001e3   Thumb Code     0  startup_stm32f746.o(.text)
    SPI6_IRQHandler                          0x080001e3   Thumb Code     0  startup_stm32f746.o(.text)
    TAMP_STAMP_IRQHandler                    0x080001e3   Thumb Code     0  startup_stm32f746.o(.text)
    TIM1_BRK_TIM9_IRQHandler                 0x080001e3   Thumb Code     0  startup_stm32f746.o(.text)
    TIM1_CC_IRQHandler                       0x080001e3   Thumb Code     0  startup_stm32f746.o(.text)
    TIM1_TRG_COM_TIM11_IRQHandler            0x080001e3   Thumb Code     0  startup_stm32f746.o(.text)
    TIM1_UP_TIM10_IRQHandler                 0x080001e3   Thumb Code     0  startup_stm32f746.o(.text)
    TIM2_IRQHandler                          0x080001e3   Thumb Code     0  startup_stm32f746.o(.text)
    TIM4_IRQHandler                          0x080001e3   Thumb Code     0  startup_stm32f746.o(.text)
    TIM5_IRQHandler                          0x080001e3   Thumb Code     0  startup_stm32f746.o(.text)
    TIM6_DAC_IRQHandler                      0x080001e3   Thumb Code     0  startup_stm32f746.o(.text)
    TIM7_IRQHandler                          0x080001e3   Thumb Code     0  startup_stm32f746.o(.text)
    TIM8_BRK_TIM12_IRQHandler                0x080001e3   Thumb Code     0  startup_stm32f746.o(.text)
    TIM8_CC_IRQHandler                       0x080001e3   Thumb Code     0  startup_stm32f746.o(.text)
    TIM8_TRG_COM_TIM14_IRQHandler            0x080001e3   Thumb Code     0  startup_stm32f746.o(.text)
    TIM8_UP_TIM13_IRQHandler                 0x080001e3   Thumb Code     0  startup_stm32f746.o(.text)
    UART4_IRQHandler                         0x080001e3   Thumb Code     0  startup_stm32f746.o(.text)
    UART5_IRQHandler                         0x080001e3   Thumb Code     0  startup_stm32f746.o(.text)
    UART7_IRQHandler                         0x080001e3   Thumb Code     0  startup_stm32f746.o(.text)
    UART8_IRQHandler                         0x080001e3   Thumb Code     0  startup_stm32f746.o(.text)
    USART1_IRQHandler                        0x080001e3   Thumb Code     0  startup_stm32f746.o(.text)
    USART2_IRQHandler                        0x080001e3   Thumb Code     0  startup_stm32f746.o(.text)
    USART3_IRQHandler                        0x080001e3   Thumb Code     0  startup_stm32f746.o(.text)
    USART6_IRQHandler                        0x080001e3   Thumb Code     0  startup_stm32f746.o(.text)
    WWDG_IRQHandler                          0x080001e3   Thumb Code     0  startup_stm32f746.o(.text)
    bsp_LedInit                              0x080001ed   Thumb Code    44  bsp_led.o(LED_PROC)
    bsp_LedOn                                0x08000219   Thumb Code    14  bsp_led.o(LED_PROC)
    bsp_LedOff                               0x08000227   Thumb Code    14  bsp_led.o(LED_PROC)
    bsp_LedToggle                            0x08000235   Thumb Code    14  bsp_led.o(LED_PROC)
    MAIN_FUNCTION                            0x08000259   Thumb Code    42  main.o(MAIN)
    SystemInit                               0x08000289   Thumb Code   100  system_stm32f746.o(RCC_PRO)
    SCB_EnableICache                         0x080002ed   Thumb Code    38  system_stm32f746.o(RCC_PRO)
    HAL_Init                                 0x08000313   Thumb Code    22  system_stm32f746.o(RCC_PRO)
    NVIC_SetPriorityGrouping                 0x08000329   Thumb Code    38  system_stm32f746.o(RCC_PRO)
    SystemClockConfig                        0x0800034f   Thumb Code    16  system_stm32f746.o(RCC_PRO)
    HSE_Configuration                        0x0800035f   Thumb Code   132  system_stm32f746.o(RCC_PRO)
    HAL_PWREx_EnableOverDrive                0x080003e3   Thumb Code    38  system_stm32f746.o(RCC_PRO)
    RCC_Configuration                        0x08000409   Thumb Code    78  system_stm32f746.o(RCC_PRO)
    bsp_TimerInit                            0x0800048d   Thumb Code    98  bsp_timer.o(TIEMR_PROC)
    TIM3_IRQHandler                          0x080004ef   Thumb Code    48  bsp_timer.o(TIEMR_PROC)
    g_timerFlag                              0x20000000   Data           1  bsp_timer.o(PARAMETER)



==============================================================================

Memory Map of the image

  Image Entry point : 0x080001c9

  Load Region LR_IROM1 (Base: 0x08000000, Size: 0x0000054c, Max: 0x00100000, ABSOLUTE)

    Execution Region ER_IROM1 (Base: 0x08000000, Size: 0x00000548, Max: 0x00100000, ABSOLUTE)

    Base Addr    Size         Type   Attr      Idx    E Section Name        Object

    0x08000000   0x000001c8   Data   RO            3    RESET               startup_stm32f746.o
    0x080001c8   0x00000024   Code   RO            4  * .text               startup_stm32f746.o
    0x080001ec   0x0000006c   Code   RO           10    LED_PROC            bsp_led.o
    0x08000258   0x00000030   Code   RO           19    MAIN                main.o
    0x08000288   0x00000204   Code   RO           23    RCC_PRO             system_stm32f746.o
    0x0800048c   0x000000bc   Code   RO           15    TIEMR_PROC          bsp_timer.o


    Execution Region RW_IRAM1 (Base: 0x20000000, Size: 0x00000408, Max: 0x00050000, ABSOLUTE)

    Base Addr    Size         Type   Attr      Idx    E Section Name        Object

    0x20000000   0x00000002   Data   RW           14    PARAMETER           bsp_timer.o
    0x20000002   0x00000006   PAD
    0x20000008   0x00000400   Zero   RW            1    STACK               startup_stm32f746.o


==============================================================================

Image component sizes


      Code (inc. data)   RO Data    RW Data    ZI Data      Debug   Object Name

       108         22          0          0          0        492   bsp_led.o
       188         40          0          2          0        448   bsp_timer.o
        48          6          0          0          0        348   main.o
        36          8        456          0       1024        824   startup_stm32f746.o
       516         54          0          0          0        844   system_stm32f746.o

    ----------------------------------------------------------------------
       896        130        456          4       1028       2956   Object Totals
         0          0          0          0          0          0   (incl. Generated)
         0          0          0          2          4          0   (incl. Padding)

    ----------------------------------------------------------------------
         0          0          0          0          0          0   Library Totals
         0          0          0          0          0          0   (incl. Padding)

    ----------------------------------------------------------------------

==============================================================================


      Code (inc. data)   RO Data    RW Data    ZI Data      Debug   

       896        130        456          4       1028       2556   Grand Totals
       896        130        456          4       1028       2556   ELF Image Totals
       896        130        456          4          0          0   ROM Totals

==============================================================================

    Total RO  Size (Code + RO Data)                 1352 (   1.32kB)
    Total RW  Size (RW Data + ZI Data)              1032 (   1.01kB)
    Total ROM Size (Code + RO Data + RW Data)       1356 (   1.32kB)

==============================================================================

